
> surf-booking-frontend@1.0.0 build
> next build

  Γû▓ Next.js 14.2.35

   Creating an optimized production build ...
 Γ£ô Compiled successfully
   Linting and checking validity of types ...
   Collecting page data ...
   Generating static pages (0/24) ...
   Generating static pages (6/24) 
   Generating static pages (12/24) 
   Generating static pages (18/24) 
 Γ£ô Generating static pages (24/24)
   Finalizing page optimization ...
   Collecting build traces ...

Route (app)                              Size     First Load JS
Γöî Γùï /                                    175 B          96.1 kB
Γö£ Γùï /_not-found                          873 B          88.1 kB
Γö£ ╞Æ /book/[slug]                         7.05 kB        94.3 kB
Γö£ ╞Æ /booking/confirmation/[bookingId]    3.58 kB        90.8 kB
Γö£ Γùï /dashboard                           3.49 kB        90.8 kB
Γö£ Γùï /dashboard/activities                3.31 kB        90.6 kB
Γö£ Γùï /dashboard/bookings                  2.81 kB        90.1 kB
Γö£ Γùï /dashboard/calendar                  3.51 kB        90.8 kB
Γö£ Γùï /dashboard/customers                 2.21 kB        89.5 kB
Γö£ Γùï /dashboard/packages                  3.49 kB        90.8 kB
Γö£ Γùï /dashboard/payments                  3.32 kB        90.6 kB
Γö£ Γùï /dashboard/rooms                     4.09 kB        91.4 kB
Γö£ Γùï /dashboard/sessions                  3.74 kB          91 kB
Γö£ Γùï /dashboard/settings                  5.83 kB        93.1 kB
Γö£ Γùï /dashboard/subscription              3.47 kB        90.7 kB
Γö£ Γùï /dashboard/team                      2.92 kB        90.2 kB
Γö£ Γùï /login                               2.4 kB         98.4 kB
Γö£ Γùï /register                            2.52 kB        98.5 kB
Γö£ Γùï /super-admin                         2.44 kB        89.7 kB
Γö£ Γùï /super-admin/bookings                2.36 kB        89.6 kB
Γö£ Γùï /super-admin/companies               2.62 kB        89.9 kB
Γö£ Γùï /super-admin/login                   2.43 kB        89.7 kB
Γö£ Γùï /super-admin/payments                2.31 kB        89.6 kB
Γöö Γùï /super-admin/subscriptions           2.89 kB        90.1 kB
+ First Load JS shared by all            87.3 kB
  Γö£ chunks/117-3afdb7b4787df8df.js       31.7 kB
  Γö£ chunks/fd9d1056-8330337790fd1d70.js  53.6 kB
  Γöö other shared chunks (total)          1.89 kB


Γùï  (Static)   prerendered as static content
╞Æ  (Dynamic)  server-rendered on demand

