src/routes/upload.ts(5,10): error TS2305: Module '"../middleware/auth"' has no exported member 'authenticate'.
